MO ControlUnit NULL ControlUnit.v vlg71/_control_unit.bin 1461683519
MO InsMemory NULL InsMemory.v vlg53/_ins_memory.bin 1461683519
MO CPU NULL CPU.v vlg70/_c_p_u.bin 1460736773
MO Extend NULL Extend.v vlg4C/_extend.bin 1461683519
MO PC NULL PC.v vlg53/_p_c.bin 1461683519
MO DataMemory NULL Memory.v vlg2B/_data_memory.bin 1460719422
MO RegFile NULL RegFile.v vlg32/_reg_file.bin 1461683519
MO ALU NULL ALU.v vlg2A/_a_l_u.bin 1461683519
MO Data_Memory NULL Memory.v vlg0A/_data___memory.bin 1461683519
